aterm.tcz
fltk-1.3.tcz
flwm_topside.tcz
freetype.tcz
imlib2-bin.tcz
imlib2.tcz
libfontenc.tcz
libICE.tcz
libjpeg-turbo.tcz
libpng.tcz
libSM.tcz
libX11.tcz
libXau.tcz
libxcb.tcz
libXdmcp.tcz
libXext.tcz
libXfont.tcz
libXi.tcz
libXmu.tcz
libXpm.tcz
libXrandr.tcz
libXrender.tcz
libXt.tcz
wbar.tcz
Xlibs.tcz
Xprogs.tcz
Xvesa.tcz
kmaps.tcz
gamin.tcz
freetype.tcz
libffi.tcz
glib2.tcz
libxshmfence.tcz
udev-lib.tcz
libpciaccess.tcz
libdrm.tcz
libXdmcp.tcz
libXau.tcz
libxcb.tcz
libX11.tcz
libXext.tcz
libXxf86vm.tcz
libXfixes.tcz
libXdamage.tcz
libGL.tcz
libEGL.tcz
libXrender.tcz
libpng.tcz
expat2.tcz
fontconfig.tcz
pixman.tcz
cairo.tcz
hicolor-icon-theme.tcz
dbus.tcz
dbus-glib.tcz
libasound.tcz
libXft.tcz
harfbuzz.tcz
pango.tcz
libXrandr.tcz
libXinerama.tcz
libXcursor.tcz
libXcomposite.tcz
libjpeg-turbo.tcz
liblzma.tcz
libtiff.tcz
gdk-pixbuf2.tcz
atk.tcz
gtk2.tcz
firefox-ESR.tcz
pth.tcz
libattr.tcz
libcap.tcz
pinentry.tcz
libgpg-error.tcz
libksba.tcz
libgcrypt.tcz
libassuan.tcz
gnupg.tcz
gnupg-locale.tcz
gnupg-doc.tcz
gnupgV1symlink.tcz
openssl.tcz
libssh2.tcz
libidn.tcz
curl.tcz
git.tcz
monero-wallet-generator.tcz
monero-wallet-cli.x86.v0-10-0-0.tcz


